border_size=1
usage=map

Gg          , Gg          , Mm          , Gg          , Mm          , Gg          , Mm          , Gg          , Mm          , Gg          , Mm          , Gg          , Mm          , Gg          , Mm          , Gg          , Mm          , Gg          , Gg          , Gg          , Gg          , Gg          , Gg          , Gg          , Gg          , Gg          , Gg          , Gg          , Gg          , Gg          , Mm          , Gg          , Gg          , Gg          
Gg          , Mm          , Mm          , Mm          , Mm          , Mm          , Mm          , Mm          , Mm          , Mm          , Mm          , Mm          , Mm          , Mm          , Mm          , Mm          , Mm          , Mm          , Mm          , Mm          , Mm          , Mm          , Mm          , Mm          , Mm          , Mm          , Mm          , Mm          , Xu          , Xu          , Xu          , Xu          , Xu          , Gg          
Gg          , Mm          , Mm          , Mm          , Mm          , Mm          , Mm          , Mm          , Mm          , Mm          , Mm          , Mm          , Mm          , Mm          , Mm          , Mm          , Mm          , Mm          , Mm          , Mm          , Mm          , Mm          , Mm          , Mm          , Mm          , Mm          , Mm          , Mm          , Xu          , Rd          , Rr          , Rr          , Xu          , Mm          
Gg          , Mm          , Mm          , Mm          , Xu          , Mm          , Xu          , Xu          , Xu          , Mm          , Xu          , Mm          , Xu          , Mm          , Xu          , Mm          , Mm          , Mm          , Mm          , Mm          , Mm          , Mm          , Mm          , Mm          , Xu          , Mm          , Xu          , Xu          , Rr          , Rr          , Rd          , Rr          , Xu          , Mm          
Gg          , Mm          , Mm          , Mm          , Xu          , Xu          , Rr          , Xu          , Rr          , Xu          , Xu          , Xu          , Re^Uf       , Xu          , Re^Uf       , Xu          , Xu          , Xu          , Xu          , Xu          , Xu          , Xu          , Xu          , Xu          , Xu          , Xu          , Rr          , Xu          , Rr          , Rr          , Rd          , Rr          , Xu          , Mm          
Gg          , Mm          , Mm          , Mm          , Xu          , Rr          , Rd          , Rr          , Rd          , Rr          , Xu          , Re^Uf       , Chs         , Re^Uf       , Re^Uf       , Re^Uf       , Rr          , Rr          , Rr          , Rr          , Rr          , Rr          , Cv          , Rr          , Xu          , Rr          , Rd          , Rr          , Rd          , Rr          , Xu          , Xu          , Mm          , Mm          
Gg          , Mm          , Mm          , Mm          , Xu          , Rr          , Rr          , Rr          , Rd          , Rd          , Xu          , Re^Uf       , Re^Uf       , Re^Uf       , Rr          , Rr          , Rr          , Cv          , Rr          , Rr          , Uu          , Rr          , Rr          , Rr          , Xu          , Rr          , Rr          , Rd          , Rr          , Rr          , Xu          , Mm          , Mm          , Mm          
Gg          , Mm          , Mm          , Mm          , Xu          , Rr          , Xu          , Rr          , Xu          , Rr          , Xu          , Rr          , Wwf         , Xu          , Rr          , Uu          , Uu          , Uu          , Uu^Vu       , Uu          , Ch          , Uu          , Rr          , Rr          , Xu          , Xu          , Xu          , Rd          , Rr          , Xu          , Mm          , Mm          , Mm          , Mm          
Gg          , Mm          , Mm          , Mm          , Xu          , Xu          , Uu^Uf       , Xu          , Uu          , Xu          , Uu          , Rd          , Wwf         , Xu          , Rr          , Uu^Vu       , Uh          , Rr          , Uh          , Ch          , Ch          , Ch          , Uu^Vu       , Rr          , Xu          , Rr          , Rd          , Xu          , Xu          , Xu          , Mm          , Mm          , Mm          , Mm          
Gg          , Mm          , Mm          , Mm          , Xu          , Uu          , Uu^Uf       , Rd          , Rd          , Uu^Vu       , Rd          , Uu          , Ds          , Xu          , Rr          , Rr          , Rr          , Rr          , Uu^Vu       , Uu          , Uu          , 3 Kh        , Rr          , Rr          , Xu          , Ql          , Re          , Re^Uf       , Re^Uf       , Xu          , Mm          , Mm          , Mm          , Mm          
Gg          , Mm          , Mm          , Mm          , Xu          , Uu          , Uu^Uf       , Uu^Uf       , Uu          , Uh          , Uu          , Uu^Uf       , Uh          , Xu          , Rr          , Cv          , Rr          , Rr          , Rr          , Rr          , Rr          , Rr          , Cv          , Rr          , Xu          , Rr          , Uh          , Ds          , Rr          , Xu          , Mm          , Mm          , Mm          , Gg          
Gg          , Mm          , Mm          , Mm          , Xu          , Ds          , Rd          , Uu          , Uu^Vu       , Uu^Uf       , Rd          , Uh          , Xu          , Xu          , Xu          , Rr          , Xu          , Rr          , Xu          , Rr          , Xu          , Rr          , Rr          , Rr          , Rr          , Rr          , Uu^Vu       , Wwf         , Wwf         , Xu          , Mm          , Mm          , Mm          , Gg          
Gg          , Mm          , Mm          , Mm          , Xu          , Rd          , Uu^Uf       , Rd          , Rd          , Rd          , Xu          , Xu          , Ql          , Uu          , Uu          , Xu          , Ds          , Xu          , Dd^Vdt      , Xu          , Wwf         , Xu          , Xu          , Ds          , Rr          , Uh          , Wwf         , Uh          , Rr          , Xu          , Mm          , Mm          , Mm          , Gg          
Gg          , Mm          , Mm          , Mm          , Xu          , Rd          , Uu^Uf       , Uu^Uf       , Xu          , Xu          , Gs^Vht      , Ql          , Ch          , Ch          , Ch          , Uu          , Ss          , Ss          , Uu          , Rr          , Ww          , Uu          , Xu          , Xu          , Xu          , Rr          , Ss          , Ds          , Ss          , Xu          , Mm          , Mm          , Mm          , Gg          
Gg          , Mm          , Mm          , Mm          , Xu          , Rr          , Rr          , Xu          , Rr          , Xu          , Ww          , Rr          , Ch          , 2 Kh        , Ch          , Rr          , Wwf         , Wwf         , Rr          , Ch          , Rr          , Ds          , Xu          , Uu^Ii       , Uu^Ii       , Xu          , Xu          , Ss          , Ss          , Xu          , Mm          , Mm          , Mm          , Gg          
Gg          , Mm          , Mm          , Mm          , Xu          , Ss          , Rr          , Xu          , Rr          , Xu          , Ss          , Wwf         , Rr          , Ch          , Uu^Uf       , Uu^Uf       , Aa          , Uu          , Aa^Vha      , Ww          , Ww          , Ss          , Xu          , Uu^Ii       , Uu^Ii       , Uu^Ii       , Xu          , Rr          , Rr          , Xu          , Mm          , Mm          , Mm          , Gg          
Gg          , Mm          , Mm          , Mm          , Xu          , Rr          , Ds          , Xu          , Rr          , Xu          , Ss          , Wwf         , Wwf         , Wwf         , Uu^Uf       , Uu^Uf       , Ss          , Aa          , Ql          , Uu          , Uu          , Rr          , Xu          , Uu^Ii       , Xu          , Xu          , Re^Uf       , Wwf         , Rr          , Xu          , Xu          , Mm          , Mm          , Gg          
Gg          , Mm          , Mm          , Mm          , Xu          , Wwf         , Wwf         , Xu          , Rr          , Xu          , Aa          , Ch          , Uu          , Wwf         , Rr          , Wwf         , Ch          , Wwf         , Ww          , Ds          , Rr          , Rr          , Xu          , Xu          , Cud         , Rr          , Cud         , Rr          , Xu          , Xu          , Re          , Xu          , Mm          , Gg          
Gg          , Mm          , Mm          , Mm          , Xu          , Rr          , Re^Uf       , Xu          , Rd          , Xu          , Aa          , Aa          , Uu          , Gg^Ve       , Ss          , Wwf         , Ql          , Uu          , Uu          , Uu          , Ch          , Rr          , Xu          , Xu          , Ds          , Uu          , Xu          , Xu          , Xu          , Re          , Re          , Xu          , Mm          , Gg          
Gg          , Mm          , Mm          , Mm          , Xu          , Uu          , Rr          , Xu          , Rr          , Xu          , Aa          , Uu^Uf       , Uu^Uf       , Uu          , Rr          , Ql          , Rr          , Rr          , Wwf         , Ai          , Uu          , Rr          , Xu          , Ss          , Xu          , Xu          , Wwf         , Rd          , Rr          , Xu          , Xu          , Xu          , Mm          , Gg          
Gg          , Mm          , Mm          , Mm          , Xu          , Uh          , Rr          , Xu          , Rd          , Xu          , Rr          , Ds          , Ch          , Rr          , Ss          , Ql          , Ch          , Uu^Uf       , Uu^Uf       , Ww^Vm       , Uu          , Uu          , Xu          , Re^Uf       , Xu          , Rr          , Rr          , Rd          , Cud         , Xu          , Mm          , Mm          , Mm          , Gg          
Gg          , Mm          , Mm          , Mm          , Xu          , Uu          , Rd          , Xu          , Rr          , Xu          , Ss          , Rr          , Aa          , Wwf         , Uu          , Rr          , Wwf         , Wwf         , Uu          , Ds          , Ds          , Uu          , Xu          , Rr          , Xu          , Rd          , Ds          , Rr          , Wwf         , Xu          , Mm          , Mm          , Mm          , Gg          
Gg          , Mm          , Mm          , Mm          , Xu          , Uu^Vud      , Wwf         , Xu          , Rr          , Xu          , Gg^Vc       , Ss          , Rr          , Ww          , Rr          , Uu^Vud      , Uu          , Uu          , Rr          , Ss          , Ss          , Wwf         , Xu          , Ss^Bw|      , Xu          , Rr          , Ds          , Ds          , Rr          , Xu          , Mm          , Mm          , Mm          , Gg          
Gg          , Mm          , Mm          , Mm          , Xu          , Rr          , Ds          , Xu          , Rr          , Xu          , Xu          , Xu          , Xu          , Xu          , Xu          , Xu          , Xu          , Xu          , Xu          , Xu          , Xu          , Xu          , Xu          , Ss^Bw|      , Xu          , Rr          , Rr          , Rr          , Xu          , Xu          , Mm          , Mm          , Mm          , Gg          
Gg          , Mm          , Mm          , Mm          , Xu          , Ss          , Ss          , Xu          , Rr          , Xu          , Ql          , Ql          , Qlf         , Rr          , Uu^Vu       , Uu          , Rr          , Uu^Uf       , Rr          , Aa          , Aa          , Rr          , Xu          , Rr          , Rr          , Xu          , Ds          , Xu          , Uu^Uf       , Xu          , Mm          , Mm          , Mm          , Gg          
Gg          , Mm          , Mm          , Mm          , Xu          , Ds          , Rr          , Xu          , Xu          , Xu          , Kud         , Cud         , Aa          , Aa          , Rd          , Rr          , Uu^Uf       , Wwf         , Rr          , Aa          , Wo          , Ww          , Xu          , Xu          , Re^Uf       , Rr          , Xu          , Uu^Uf       , Uu^Uf       , Xu          , Mm          , Mm          , Mm          , Gg          
Gg          , Mm          , Mm          , Mm          , Xu          , Wwf         , Uu^Vud      , Xu          , Qlf         , Ql          , Qlf         , Ql^Bs\      , Rr          , Rr          , Uu          , Rd          , Wwf         , Uu^Vu       , Rd          , Uu^Vud      , Ds          , Ql          , Xu          , Xu          , Rr          , Uu^Vu       , Xu          , Xu          , Rr          , Xu          , Mm          , Mm          , Mm          , Gg          
Gg          , Mm          , Mm          , Mm          , Xu          , Uh          , Rr          , Xu          , Qlf         , Qlf         , Gs^Vht      , Uu^Uf       , Wwf         , Uu          , Rr          , Uu          , Uu          , Rr          , Uu          , Ss          , Ss          , Ql          , Xu          , Xu          , Cud         , Uu          , Rr          , Xu          , Wwf         , Xu          , Mm          , Mm          , Mm          , Gg          
Gg          , Mm          , Mm          , Mm          , Xu          , Rr          , Re^Uf       , Xu          , Xu          , Xu          , Wwf         , Uu^Uf       , Uu          , Uu^Vud      , Uu          , Aa          , Rr          , Uu          , Rr          , Ai          , Uu^Uf       , Uu^Uf       , Xu          , Xu          , Xu          , Rr          , Uh          , Ss          , Rr          , Xu          , Mm          , Mm          , Mm          , Gg          
Gg          , Mm          , Mm          , Mm          , Xu          , Rr          , Re^Uf       , Cud         , Rr          , Xu          , Xu          , Gs^Vht      , Rr          , Ds          , Ds          , Ss          , Rd          , Rr          , Wwf         , Gs^Vht      , Ai          , Uu^Uf       , Xu          , Xu          , Xu          , Xu          , Xu          , Uu^Vud      , Cud         , Xu          , Mm          , Mm          , Mm          , Gg          
Gg          , Mm          , Mm          , Mm          , Xu          , Cud         , Rr          , Re^Uf       , Wwf         , Ss          , Wwf         , Xu          , Xu          , Ai          , Uu^Uf       , Ds          , Xu          , Xu          , Rr          , Rr          , Rr          , Xu          , Rr          , Xu          , Rd          , Rd          , Xu          , Rr          , Rr          , Xu          , Mm          , Mm          , Mm          , Gg          
Gg          , Mm          , Mm          , Mm          , Xu          , Xu          , Xu          , Rr          , Ds          , Ds          , Uu          , Wwf         , Wwf         , Xu          , Xu          , Xu          , Aa          , Rr          , Xu          , Xu          , Rr          , Re^Uf       , Rd          , Rr          , Ds          , Rd          , Xu          , Uu^Vud      , Rd          , Xu          , Mm          , Mm          , Mm          , Gg          
Gg          , Mm          , Mm          , Mm          , Xu          , Xu          , Xu          , Xu          , Xu          , Rr          , Rr          , Uu          , Uu          , Xu          , Rr          , Aa          , Uu          , Uh          , Xu          , Rr          , Rr          , Ds          , Rr          , Rr          , Xu          , Rr          , Xu          , Rr          , Uu^Vud      , Xu          , Mm          , Mm          , Mm          , Gg          
Gg          , Mm          , Mm          , Mm          , Xu          , Xu          , Rd          , Rr          , Rr          , Xu          , Rd          , Ql          , Rd          , Xu          , Xu          , Rd          , Rd          , Ds          , Ss          , Xu          , Xu          , Rr          , Xu          , Xu          , Rd          , Xu          , Rr          , Uu^Vud      , Xu          , Xu          , Mm          , Mm          , Mm          , Gg          
Gg          , Mm          , Mm          , Mm          , Xu          , Rr          , Rd          , Rr          , Rd          , Xu          , Uu          , Rr          , Re^Uf       , Ds          , Ss          , Xu          , Xu          , Ss          , Uu          , Rr          , Ch          , Xu          , Xu          , Rd          , Ww          , Rd          , Xu          , Xu          , Xu          , Xu          , Mm          , Mm          , Mm          , Gg          
Gg          , Mm          , Mm          , Mm          , Xu          , Rr          , Rr          , Rd          , Rr          , Xu          , Uh          , Uh          , Re^Uf       , Rr          , Ds          , Ss          , Rr          , Xu          , Xu          , Uu^Uf       , Ch          , 4 Kh        , Xu          , Rd          , Rd          , Rd          , Xu          , Xu          , Rr          , Xu          , Mm          , Mm          , Mm          , Gg          
Gg          , Mm          , Mm          , Mm          , Xu          , Rr          , Xu          , Rr          , Xu          , Xu          , Xu          , Uh          , Xu          , Rr          , Rr          , Ss          , Uu^Ii       , Rd          , Rd          , Xu          , Xu          , Ch          , Rr          , Uh          , Xu          , Xu          , Uu^Vu       , Rr          , Xu          , Xu          , Mm          , Mm          , Mm          , Gg          
Gg          , Mm          , Mm          , Mm          , Mm          , Xu          , Ce          , Xu          , Mm          , Xu          , Mm          , Xu          , Mm          , Xu          , Xu          , Xu          , Cud         , Re^Uf       , Rd          , Rd          , Xu          , Rr          , Uu^Vud      , Ss          , Xu          , Uu^Vu       , Xu          , Xu          , Rd          , Xu          , Mm          , Mm          , Mm          , Gg          
Gg          , Mm          , Mm          , Mm          , Mm          , Ce          , 1 Ke        , Ce          , Gg          , Mm          , Gg^Ve       , Mm          , Gg          , Mm          , Rd          , Gg          , Rd          , Rd          , Cud         , Uu^Ii       , Xu          , Ds          , Ss          , Rd          , Xu          , Rr          , Xu          , Rd          , Xu          , Xu          , Mm          , Mm          , Mm          , Gg          
Gg          , Mm          , Mm          , Mm          , Mm          , Ce          , Ce          , Ce          , Rd          , Rd          , Rd          , Rd          , Rd          , Rd          , Rd          , Rd          , Gg          , Gg          , Gg          , Xu          , Mm          , Xu          , Xu          , Xu          , Xu          , Xu          , Xu          , Xu          , Mm          , Mm          , Mm          , Mm          , Mm          , Mm          
Rd          , Rd          , Rd          , Rd          , Rd          , Rd          , Rd          , Rd          , Rd          , Rd          , Gg^Vh       , Rd          , Gg          , Rd          , Gg          , Gg          , Gg          , Gg^Vh       , Mm          , Mm          , Mm          , Mm          , Mm          , Mm          , Mm          , Mm          , Mm          , Mm          , Mm          , Mm          , Mm          , Mm          , Mm          , Mm          
Gg          , Gg          , Gg          , Gg          , Gg          , Gg          , Gg          , Gg          , Gg          , Gg          , Gg          , Gg          , Gg          , Gg          , Gg          , Gg          , Gg          , Mm          , Gg          , Mm          , Mm          , Mm          , Mm          , Mm          , Mm          , Mm          , Mm          , Mm          , Mm          , Mm          , Mm          , Mm          , Gg          , Gg          
