Gg, Gg, Gg, Gg, Gg, Gg, Gg, Gg, Gg, Gg, Gg, Gg, Gg, Gg, Gg, Gg, Gg, Gg, Gg, Gg, Gg, Gg, Gg, Gg, Gg, Gg, Gg, Gg, Gg, Ch, Ch, Rr, Rr, Rr, Rr, Rr, Rr, Rr, Rr, Rr, Rr, Rr
Gg, Gg, Gg, Gg, Gg, Gg, Gg, Gg, Gg, Gg, Gg, Gg, Gg, Gg, Gg, Gg, Gg, Gg, Gg, Gg, Gg, Gg, Gg, Gg, Gg, Gg, Gg, Gg, Gg, Gg, Gg, Ch, Ch, Rr, Rr, Rr, Rr, Rr, Kh, Rr, Rr, Rr
Gg, Gg, Gg, Gg, Gg, Gg, Gs, Gg, Gg, Gg, Gg, Gg, Gg, Gg, Gg, Gg, Gg, Gg, Gg, Gg, Gg, Gg, Gg, Gg, Gg, Gg, Gg, Gg, Gg, Gg, Gg, Gg, Gg, 4 Kh, Ch, Rr, Rr, Rr, Rr, Rr, Rr, Rr
Gg, Gg, Gg, Gg, Gs, Gs, Gs, Gs, Gs, Gg, Gg, Gg, Gg, Gg, Gg, Gg, Gg, Gg, Gg, Gg, Gg, Gg^Ve, Gg, Gg, Gg, Gg, Gg, Gg, Gg, Gg, Gg^Wm, Gg, Gg, Gg, Gg, Rr, Ch, Rr, Rr, Rr, Rr, Rr
Gg, Gg, Gg, Gs, Re^Gvs, Gg^Wm, Re^Gvs, Re^Gvs, Gs, Gs, Gg, Gg, Gg, Gg, Gg, Gg, Gg, Gg, Gg, Gg, Gg, Gg, Gg, Gg, Gg, Gg, Gg, Gg, Gg, Gg, Gg, Gg, Gg, Gg, Gg, Gg, Gg, 5 Kh, Ch, Rr, Rr, Rr
Gg, Gg, Gs, Gs, Re^Gvs, Re^Gvs, Re^Gvs, Re^Gvs, Gs, Gs, Gs, Gg, Gg, Gg, Gg, Gg, Gg, Gg, Gg, Gg, Gg, Gg, Gg, Gg, Gg, Gg, Gg, Gg, Gg, Gg, Gg, Gg, Gg, Gg, Gg, Gg, Gg, Gg, Gg, Ch, Ch, Rr
Gg, Gg, Gs, Gs, Re^Gvs, Re^Gvs, Re^Gvs, Re^Gvs, Gs, Gg^Efm, Gs, Gg, Gg, Gg, Gg, Gg, Gg, Gg, Gg, Gg, Gg, Gg, Gg, Gg, Gg, Gg, Gg, Gg, Gg, Gg, Gg, Gg, Gg, Gg, Gg, Gg, Gg, Gg, Gg, Gg, Gg, Ch
Gg, Gg, Gg, Gs, Gs, Re^Gvs, Gs, Re^Gvs, Gs, Gs, Gg, Gg, Gg, Gg, Gg, Gg, Gg, Gg, Gg, Gg, Gg, Gg, Gg, Gg, Gg, Gg, Gg, Gg, Gg, Gg, Gg, Gg, Gg, Gg, Gg, Gg, Gg, Gg, Gg, Gg, Gg, Gg
Gg, Gg, Gg, Gg, Gg, Gs, Gg, Gs, Gg, Gg, Gg, Gg, Gg, Gg, Gg, Gg, Gg, Gg, Gg, Gg, Gg, Gg, Gg, Gg, Gg, Gg, Gg, Gg, Gg, Gg, Gg, Gg, Gg, Gg, Gg, Gg, Gg, Gg, Gg, Gg, Gg, Gg
Gg, Gg, Gg, Gg, Gg, Gg, Gg, Gg, Gg, Gg, Gg, Gg, Gg, Gg, Gg, Gg, Gg, Gg, Gg, Gg, Gg, Gg, Gg, Gg, Gg, Gg, Gg, Gg, Gg, Gg, Gg, Gg, Gg, Gg, Gg, Gg, Gg, Gg, Gg^Vh, Gg, Gg, Gg
Gg, Gg, Gg, Gg^Vh, Gg, Gg, Gg, Gg, Gg, Gg, Gg, Gg, Gg, Gg, Gg, Gg, Gg, Gg, Gg, Gg, Gg, Gg, Gg, Gg, Gg, Gg, Gg, Gg, Gg, Gg, Gg, Gg, Gg, Gg, Gg, Gg, Gg, Gg, Gg, Gg, Ds, Gg
Gg, Gg, Gg, Gg, Gg, Gg, Gg, Gg, Gg, Gg, Gg, Gg, Gg, Gg, Gg, Gg, Gg, Gg, Gg, Gg, Gg, Gg, Gg, Gg, Gg, Gg, Gg, Gg, Gg, Gg, Gg, Gg, Gg, Gg, Gg^Esd, Gg, Gg, Gg, Gg, Gg, Ds, Ww
Gg, Gg, Gg, Gg, Gg, Gg, Gg, Rp, Gg, Rp, Gg, Gg, Gg, Gg, Gg, Gg, Gg, Gg, Gg, Gg, Gg, Gg, Gg, Re^Tf, Re^Tf, Gg, Gg, Gg, Gg, Gg, Gg, Gg, Ce, Gg^Dr, Wwf^Emf, Gg^Esd, Gg^Esd, Gg^Esd, Ds, Ds, Ds, Ww
Gg, Gg, Gg, Gg, Gg, Gg, Rp, Rp, Gg, Gg, Gg, Gg, Gg, Gg, Gg, Gg, Gg, Gg, Gg, Gg, Gg, Gg, Re^Tf, Gg, Gg, Gg, Gg, Gg, Gg, Gg, Gg, Ce, Ce, Ce, Ce, Wwf^Em, Wwf^Edt, Gg^Esd, Ww^Ewl, Ds, Ww, Ww
Gg, Gg, Gg, Gg, Rp, Gg, Gg, Gg, Gg, Gg, Gg, Gg, Gg, Gg, Gg, Gg^Ve, Gg, Gg, Gg, Gg, Gg, Gg, Gg, Gg, Gg, Re^Tf, Gg, Gg, Gg, Gg, Gg, Ce, Ce, 3 Ke, Ce, Gg, Gg, Ww^Ewf, Ww, Ww, Ww, Ww
Gg, Gg, Gg, Gg, Rp, Gg, Gg, Gg, Gg, Gg, Gg, Gg, Gg, Gg, Gg, Gg, Gg, Gg, Gg, Gg, Gg, Gg, Gg, Gg, Gg, Gg, Gg, Gg, Gg, Gg, Gg, Gg, Gg, Ce, Gg, Gg, Gg, Ww, Ww, Ww, Ww, Ww
Gg, Gg, Gg, Rp, Rp, Gg, Gg, Gg, Rp, Gg, Gg, Gg, Gg, Gg, Gg, Gg, Gg, Gg, Gg, Gg, Gg, Gg, Gg, Gg, Gg, Gg, Gg, Gg, Gg, Gg, Gg, Gg, Gg, Gg, Gg^Vh, Gg, Gg, Ww, Ww, Ww, Ww, Ww
Gg, Gg, Gg, Gg, Gg, Rp, Gg, Rp, Gg, Gg, Ce, Gg, Gg, Gg, Gg, Gg, Gg, Gg, Gg, Gg, Gg, Gg, Gg, Gg, Gg, Gg, Gg, Gg, Gg, Gg, Gg, Gg, Gg, Gg, Gg, Gg, Ww, Ww, Ww, Ww, Ww, Gg
Gg, Gg, Gg, Gg, Gg, Gg, Gg, Gg, Ce, Ce, Gg, Ce, Gg, Gg, Gg, Gg, Gg, Gg, Gg, Gg, Gg, Gg, Gg, Gg, Gg, Gg, Gg, Gg, Gg, Gg, Gg, Gg, Gg, Gg, Gg, Gg, Ww^Bw\, Ww, Ww, Ww, Gg, Gg
Gg, Gg, Gg, Gg, Gg, Gg, Gg, Gg, Ce, Gg, 2 Ke, Ce, Gg, Gg, Gs^Fp, Gg, Gg, Gs^Fp, Gs^Fp, Gg, Gg, Gg, Gs, Gg, Gg, Gg, Gg, Gg, Gg, Gg, Gg, Gg, Gg, Gg, Gg, Gg, Ww, Ww^Bw\, Ww^Bw\, Ww, Gg, Gg
Hh, Gg, Gg, Gg, Gg, Gg, Gg^Vh, Gg, Gg, Ce, Gg, Ce, Gs^Fp, Gs^Fp, Gs^Fp, Gg, Gg, Gs^Fp, Gs^Fp, Gg, Gs, Gs, Re^Gvs, Re^Gvs, Re^Gvs, Gg^Wm, Gg, Gg, Gg, Gg, Gg, Gg, Gg, Ds, Ww, Ww, Ww, Ww, Ww, Ww^Bw\, Gg, Gg
Hh, Hh, Hh, Hh, Hh, Gg, Gg, Gg, Gg, Gg, Gg, Gg, Gg, Gs^Fp, Gg, Gs^Fp, Gs^Fp, Gs^Fp, Gg, Gg, Gs, Re^Gvs, Re^Gvs, Re^Gvs, Re^Gvs, Gg, Gg, Gg, Gg, Gg, Gg, Gg, Ds, Ds, Ww, Ww, Ww, Ww, Ww, Gg, Gg, Gg
Hh, Hh, Hh, Hh, Hh, Hh, Hh, Gg, Gg, Gg, Gg, Gg, Gg, Gg, Gg, Gg, Gg, Gg, Gg, Gg, Gs, Gs, Gs, Re^Gvs, Gs, Gg, Gg, Gg, Gg, Gg, Ds, Ds, Ww, Ww, Ww, Ww, Ww, Ww, Gg, Gg, Gg, Gg
Mm, Mm, Mm, Hh, Hh, Hh, Hh, Hh, Gg, Gg, Gg, Gg, Gg, Gg, Gg, Gg, Gg, Gg, Gg, Gg, Gg, Gs, Gg, Gs, Gg, Gg, Gg, Gg, Gg, Ds, Ww, Ww, Ww, Ww, Ww, Ww, Ww, Ww, Gg, Gg, Gg, Gg
Mm, Mm, Mm, Mm, Mm, Hh, Hh, Hh, Gg, Gg, Gg, Gg, Gg, Gg, Gg, Gg, Gg, Gg, Gg, Rp, Gg, Gg, Gg, Gg, Gg, Gg, Gg, Gg, Gg, Gg, Ww, Ww, Ww, Ww, Ww, Ww, Ww, Gg, Gg, Gg, Gg, Gg
Mm, Mm, Mm, Mm, Mm, Mm, Hh, Hh, Hh, Gg, Rp, Rp, Gg, Rp, Gg, Gg, Gg, Gg, Gg, Gg, Gg, Gg, Gg, Gg, Gg, Gg, Gg, Gg, Ww, Ww, Ww, Ww, Ww, Ww, Ww, Ww, Gg, Gg, Gg, Gg, Gg, Gg
Mm, Mm, Mm, Mm, Mm, Mm, Hh, Hh, Hh, Gg, Rp, Gg, Gg, Gg, Gg, Gg, Gg, Rp, Gg, Gg, Gg, Gg, Gg, Gg, Gg, Gg, Ww, Ww, Ww, Ww, Ww, Ww, Ww, Ww, Gg, Ds, Gg, Gg, Gg, Gg, Gg, Gg
Mm, Mm, Mm, Mm, Mm, Mm, Hh, Hh, Gg, Gg, Gg, Rp, Rp, Gg, Gg, Gg, Gg, Gg, Gg, Gg, Gg, Gg, Gg, Gg, Gs^Ft, Gg, Ww, Ww, Ww, Ww, Ww, Ww, Md, Md, Gg, Ds, Gg, Gg, Gg, Gg, Gg, Gg
Mm, Mm, Mm, Mm, Mm, Mm, Hh, Hh, Gg, Gg, Gg, Gg, Gg, Gg, Gg, Gg, Gg, Gg, Gg, Gg, Gg, Gg, Gs^Ft, Gg, Ww, Ww, Ww, Ww, Ww, Ww, Gg, Ds, Md, Ds, Gg, Gg, Gg, Gg, Gg, Gg, Gg, Gg
Mm, Mm, Mm, Mm, Mm, Mm, Hh, Hh, Gg, Gg, Gg, Gg, Gg, Gg, Gg, Gg, Gg, Gg, Gg, Gg, Gg, Gs^Ft, Ds, Ww, Ww, Ww, Ww, Ww, Ww, Ww, Gg, Ds, Gg, Gg, Gg^Fet, Gg, Gg, Gg, Gg, Gg, Gg, Gg
Mm, Mm, Mm, Mm, Hh, Hh, Gg, Gg, Gg, Gg, Gg, Gg, Gg, Gg, Gg, Gg, Gg, Gg, Gg, Gg, Ds, Gs^Ft, Ww, Ww, Ww, Ww, Ww, Ww, Ww, Ww, Gg, Gg, Gg, Gg, Gg, Gg, Gg, Gg, Gg^Ve, Gg, Gg, Gg
Gg, Hh, Hh, Hh, Hh, Gg, Gg, Gg, Gg, Gg, Gg, Gg, Gg, Gg, Gg, Gg, Gg, Gg, Gg, Md, Ds, Ww, Ww, Ww, Ww, Ww, Gg, Ww, Gs^Fp, Gg, Gs^Fp, Gg, Gg, Gg, Gg, Gg, Gg, Gg, Gg, Gg, Gg, Gg
Gg, Hh, Hh, Hh, Gg, Gg, Gg, Gg, Gg, Gg, Gg, Gg, Gg, Gg, Gg, Gg, Gg, Gg, Gg, Ds, Ww, Ww, Ww, Ww, Gs^Fp, Gs^Fp, Gs^Fp, Gg, Gs^Fp, Gg, Gs^Fp, Gs^Fp, Gg, Gg, Gg, Gg, Gg, Gg, Gg, Gg, Gg, Gg
Gg, Hh, Hh, Hh, Gg, Gg, Gg, Gg, Gg, Gg, Gs^Fp, Gs^Fp, Gs^Fp, Gg, Gs^Fp, Gg, Gg, Gg, Ww^Bw\, Ww, Ww, Ww, Gs^Fp, Gg, Gs^Fp, Gg, Gg, Gg, Gg, Gs^Fp, Gg^Fet, Gg, Gs^Fp, Gg, Gs^Fp, Gg, Gg, Gg, Gg, Gg, Gg, Gg
Gg, Hh, Hh, Ce, Gg^Vh, Gg, Gg, Gg, Gg, Gg, Gs^Fp, Gs^Fp, Gg, Gs^Fp, Gg, Gg, Gg, Ww, Ww^Bw|, Ww, Ww, Ww, Gg, Gs^Fp, Gs^Fp, Gs^Fp, Gs^Fp, Gs^Fp, Gs^Fp, Gs^Fp, Gs^Fp, Gs^Fp, Gg, Gg, Gg, Gg, Gg, Gg, Gg, Gg, Gg, Gg
Gg, Gg, Ce, Ce, Gg, Gg, Gg, Gg, Gg, Gg, Gg, Gg^Ve, Gg, Gs^Fp, Gg, Gg, Ww, Ww, Ww^Bw|, Ww, Ww, Gg, Gg, Gs^Fp, Gs^Fp, Gg, Gs^Fp, Gs^Fp, Gs^Fp, Gg, Gs^Fp, Gg, Gs^Fp, Gs^Fp, Gg, Gg, Gg, Gg, Gg, Gg, Gg, Gg
Gg, Gg, Ce, 1 Ke, Ce, Gg, Gg, Gg, Gg, Gg, Gg, Gs^Fp, Gg, Gs^Fp, Gg, Gg, Ww, Ww, Ww, Ww^Bw\, Ww^Bw\, Gg, Gg, Gg, Gg, Gs^Fp, Gs^Fp, Gg^Vh, Gs^Fp, Gs^Fp, Gg, Gs^Fp, Gg, Gs^Fp, Gg, Gg, Gg, Gg, Gg, Gg, Gg, Gg
Gg, Gg, Gg, Ce, Ce, Sm^Edb, Wwf^Em, Gg^Efm, Wwf^Es, Gg, Wwf^Efm, Gg, Gg, Gg, Gg, Ww, Ww, Ww, Ww, Ww, Gg, Gg, Gg, Gg, Gg, Gg, Gg, Gg, Gg, Gg, Gg, Gg, Gg, Gg, Gg, Gg, Gg, Gg, Gg, Gg, Gg, Gg
Gg, Gg, Gg, Gg, Gg, Gg, Gg, Wwf^Efm, Gg, Wwf^Em, Gg^Efm, Wwf^Gvs, Wwf^Es, Gg, Ww, Ww, Ww, Ww, Gg, Gg, Gg, Gg, Gg, Gg, Gg, Gg, Gg, Gg, Gg, Gg, Gg, Gg, Gg, Gg, Gg, Gg, Gg, Gg, Gg, Gg, Gg, Gg
Gg, Gg, Gg, Gg, Gg, Gg, Gg, Gg, Gg, Gg, Gg, Gg^Efm, Ww^Ewf, Ww^Ewl, Ww, Ww, Ww, Gg, Gg, Gg, Gg, Gg, Gg, Gg, Gg, Gg, Gg, Gg, Gg, Gg, Gg, Gg, Gg, Gg, Gg, Gg, Gg, Gg, Gg, Gg, Gg, Gg
Gg, Gg, Gg, Gg, Gg, Gg, Gg, Gg, Gg, Gg, Gg, Gg, Ww, Ww, Ww, Ww, Gg, Gg, Gg, Gg, Gg, Gg, Gg, Gg, Gg, Gg, Gg, Gg, Gg, Gg, Gg, Gg, Gg, Gg, Gg, Gg, Gg, Gg, Gg, Gg, Gg, Gg
Gg, Gg, Gg, Gg, Gg, Gg, Gg, Gg, Gg, Gg, Gg, Ww, Ww, Ww, Ww, Ww, Gg, Gg, Gg, Gg, Gg, Gg, Gg, Gg, Gg, Gg, Gg, Gg, Gg, Gg, Gg, Gg, Gg, Gg, Gg, Gg, Gg, Gg, Gg, Gg, Gg, Gg
